// Jest Snapshot v1, https://goo.gl/fbAQLP

exports[`Test in GifItem should match the snapshot 1`] = `
<div>
  <div
    class="card"
  >
    <img
      alt="title item"
      src="https://play-lh.googleusercontent.com/V_P-I-UENK93ahkQgOWel8X8yFxjhOOfMAZjxXrqp311Gm_RBtlDXHLQhwFZN8n4aIQ"
    />
    <p>
      title item
    </p>
  </div>
</div>
`;
